[2023-11-22 17:55:09.354] [jointLog] [info] setting maxHashResizeThreads to 8
[2023-11-22 17:55:09.354] [jointLog] [info] Fragment incompatibility prior below threshold.  Incompatible fragments will be ignored.
[2023-11-22 17:55:10.610] [jointLog] [info] numQuantThreads = 4
[2023-11-22 17:55:17.445] [jointLog] [info] replaced 0 non-ACGT nucleotides with random nucleotides
[2023-11-22 17:55:18.050] [fileLog] [info] quantification processed 0 fragments so far

[2023-11-22 17:55:18.264] [fileLog] [info] quantification processed 175353 fragments so far

[2023-11-22 17:55:20.782] [jointLog] [info] Automatically detected most likely library type as SF

[2023-11-22 17:55:27.462] [jointLog] [info] Thread saw mini-batch with a maximum of 3.40% zero probability fragments
[2023-11-22 17:55:27.506] [jointLog] [info] Thread saw mini-batch with a maximum of 2.90% zero probability fragments
[2023-11-22 17:55:27.509] [jointLog] [info] Thread saw mini-batch with a maximum of 2.70% zero probability fragments
[2023-11-22 17:55:27.522] [jointLog] [info] Thread saw mini-batch with a maximum of 3.60% zero probability fragments
[2023-11-22 17:55:27.526] [jointLog] [info] 


Completed first pass through the alignment file.
Total # of mapped reads : 175353
# of uniquely mapped reads : 175352
# ambiguously mapped reads : 1



[2023-11-22 17:55:27.610] [jointLog] [info] Computed 171,571 rich equivalence classes for further processing
[2023-11-22 17:55:27.610] [jointLog] [info] Counted 172,594 total reads in the equivalence classes 
[2023-11-22 17:55:27.732] [jointLog] [warning] Only 175353 fragments were mapped, but the number of burn-in fragments was set to 5000000.
The effective lengths have been computed using the observed mappings.

[2023-11-22 17:55:27.734] [jointLog] [info] starting optimizer
[2023-11-22 17:55:28.014] [jointLog] [info] Marked 0 weighted equivalence classes as degenerate
[2023-11-22 17:55:28.028] [jointLog] [info] iteration = 0 | max rel diff. = 99
[2023-11-22 17:55:29.236] [jointLog] [info] iteration = 100 | max rel diff. = 0
[2023-11-22 17:55:29.292] [jointLog] [info] finished optimizer
[2023-11-22 17:55:29.292] [jointLog] [info] writing output
