[2023-11-22 17:52:42.905] [jointLog] [info] setting maxHashResizeThreads to 8
[2023-11-22 17:52:42.905] [jointLog] [info] Fragment incompatibility prior below threshold.  Incompatible fragments will be ignored.
[2023-11-22 17:52:43.982] [jointLog] [info] numQuantThreads = 4
[2023-11-22 17:52:50.453] [jointLog] [info] replaced 0 non-ACGT nucleotides with random nucleotides
[2023-11-22 17:52:51.227] [fileLog] [info] quantification processed 0 fragments so far

[2023-11-22 17:52:51.809] [jointLog] [info] Automatically detected most likely library type as U

[2023-11-22 17:52:52.315] [fileLog] [info] quantification processed 1000000 fragments so far

[2023-11-22 17:52:53.859] [fileLog] [info] quantification processed 2000000 fragments so far

[2023-11-22 17:52:54.480] [jointLog] [info] 

The alignment group queue pool has been exhausted.  1 extra fragments were allocated on the heap to saturate the pool.  No new fragments will be allocated


[2023-11-22 17:53:01.083] [fileLog] [info] quantification processed 3000000 fragments so far

[2023-11-22 17:53:10.896] [fileLog] [info] quantification processed 4000000 fragments so far

[2023-11-22 17:53:21.681] [fileLog] [info] quantification processed 5000000 fragments so far

[2023-11-22 17:53:33.051] [fileLog] [info] quantification processed 6000000 fragments so far

[2023-11-22 17:53:44.569] [fileLog] [info] quantification processed 7000000 fragments so far

[2023-11-22 17:53:46.152] [fileLog] [info] quantification processed 8000000 fragments so far

[2023-11-22 17:53:47.588] [fileLog] [info] quantification processed 9000000 fragments so far

[2023-11-22 17:53:47.777] [fileLog] [info] quantification processed 9147015 fragments so far

[2023-11-22 17:53:49.641] [jointLog] [info] 


Completed first pass through the alignment file.
Total # of mapped reads : 9147015
# of uniquely mapped reads : 9147014
# ambiguously mapped reads : 1



[2023-11-22 17:53:49.679] [jointLog] [info] Computed 46,580 rich equivalence classes for further processing
[2023-11-22 17:53:49.679] [jointLog] [info] Counted 9,147,015 total reads in the equivalence classes 
[2023-11-22 17:53:49.682] [jointLog] [info] starting optimizer
[2023-11-22 17:53:50.063] [jointLog] [info] Marked 0 weighted equivalence classes as degenerate
[2023-11-22 17:53:50.087] [jointLog] [info] iteration = 0 | max rel diff. = 7.89486
[2023-11-22 17:53:52.207] [jointLog] [info] iteration = 100 | max rel diff. = 0
[2023-11-22 17:53:52.296] [jointLog] [info] finished optimizer
[2023-11-22 17:53:52.296] [jointLog] [info] writing output
